---
source: crates/syntax/src/tests.rs
expression: actual
input_file: crates/syntax/snapshots/lexer/ok/multiline_comment.lua

---
[
    Token {
        kind: Comment,
        len: 60,
    },
    Token {
        kind: Whitespace,
        len: 1,
    },
]
